
tt1637574